// Jest Snapshot v1, https://goo.gl/fbAQLP

exports[`it works 1`] = `
.c0 {
  display: block;
  background: transparent;
  border: none;
  cursor: pointer;
  position: absolute;
  top: 20px;
  right: 20px;
}

<button
  className="c0"
/>
`;
